exports[`Moves should render correctly before start 1`] = `
<div
  className="fyeoun">
  Moves counter: 
  0
</div>
`;

exports[`Moves should render correctly mid-game 1`] = `
<div
  className="fyeoun">
  Moves counter: 
  42
</div>
`;
